
C:\Program Files\Microsoft Visual Studio\2022\Community\MSBuild\Microsoft\VC\v170\Microsoft.CppBuild.targets(524,5): warning MSB8004: Output dizini sonda bir e§ik ‡izgiyle bitmiyor. Output dizininin dzgn de§erlendirilmesi i‡in bu e§ik ‡izgi gerekli oldu§undan bu oluŸturma ”rne§i e§ik ‡izgiyi ekleyecek. [C:\Axion Mu Source\Source\4.GameServer\GameServer\GameServer.vcxproj]
  stdafx.cpp
  CCRC32.Cpp
  Math.cpp
  380ItemOption.cpp
  380ItemType.cpp
  ArcaBattle.cpp
  Attack.cpp
  BattleGround.cpp
  BattleSoccer.cpp
  BattleSoccerManager.cpp
  BattleSurvivor.cpp
  BCustomChoTroi.cpp
  BCustomEdit.cpp
  BCustomItemBank.cpp
  BCustomVIPChar.cpp
  BloodCastle.cpp
  BonusManager.cpp
  BossGuild.cpp
  EventGvG.cpp
  BotBuffer.cpp
  CannonTower.cpp
  Derleniyor...
  CashShop.cpp
  CastleDeep.cpp
  CastleSiege.cpp
  CastleSiegeCrown.cpp
  CastleSiegeCrownSwitch.cpp
  CastleSiegeSync.cpp
  CastleSiegeWeapon.cpp
  CBCongHuong.cpp
  CBHuyDongExc.cpp
  CB_ActiveInvasions.cpp
  CB_AutoNapGame.cpp
  CB_BotTrader.cpp
  CB_NewQuest.cpp
  ChangeClass.cpp
  ChaosBox.cpp
  ChaosCastle.cpp
  ComboSkill.cpp
  Command.cpp
  CommandManager.cpp
  Connection.cpp
  Derleniyor...
  CriticalSection.cpp
  Crywolf.cpp
  CrywolfAltar.cpp
  CrywolfObjInfo.cpp
  CrywolfStateTimeInfo.cpp
  CrywolfStatue.cpp
  CrywolfSync.cpp
  CrywolfUtil.cpp
  CEventName.cpp
  CSProtocol.cpp
  CTCMini.cpp
  CustomArena.cpp
  CustomAttack.cpp
  CustomBuyVip.cpp
  CustomCombo.cpp
  CustomCommandDescription.cpp
  CustomDeathMessage.cpp
  CustomEventDrop.cpp
  CustomEventTime.cpp
  CustomJewel.cpp
  Derleniyor...
  CustomMix.cpp
  CustomMonster.cpp
  SPK_MonsterSkill.cpp
  CustomItemSetPro.cpp
  CustomMonterPoint.cpp
  CustomMove.cpp
  CustomNoticeDrop.cpp
  CustomNpcCollector.cpp
  CustomNpcCommand.cpp
  CustomNpcMove.cpp
  CustomNpcQuest.cpp
  CustomOnlineLottery.cpp
  CustomPet.cpp
  CustomPick.cpp
  CustomPKFree.cpp
  CustomQuest.cpp
  CustomQuiz.cpp
  CustomRanking.cpp
  CustomRankUser.cpp
  CustomStartItem.cpp
  Derleniyor...
  CustomStore.cpp
  CustomTop.cpp
  CustomVongQuay.cpp
  CustomWing.cpp
  CustomWingMix.cpp
  DanhHieu.cpp
  DarkSpirit.cpp
  DefaultClassInfo.cpp
  DevilSquare.cpp
  DoubleGoer.cpp
  DropReward.cpp
  DSProtocol.cpp
  Duel.cpp
  Effect.cpp
  EffectManager.cpp
  ESProtocol.cpp
  EventHideAndSeek.cpp
  EventInventory.cpp
  EventKillAll.cpp
  EventPvP.cpp
  Derleniyor...
  EventQuickly.cpp
  EventRunAndCatch.cpp
  EventRussianRoulette.cpp
  EventStart.cpp
  EventTvT.cpp
  ExperienceTable.cpp
  FakeOnline.cpp
  Filter.cpp
  FilterRaname.cpp
  FlyingDragons.cpp
  Fruit.cpp
  GameMain.cpp
  AUTOHP.cpp
  CustomJewelBank.cpp
  SkillDamage.cpp
  PC_AddBuff.cpp
  SPK_Harmony.cpp
  EventMainManager.cpp
  GameMaster.cpp
  GameServer.cpp
  Derleniyor...
  Gate.cpp
  GensSystem.cpp
  GuardianStatue.cpp
  Guild.cpp
  GuildClass.cpp
  GuildMatching.cpp
  HackCheck.cpp
  HackPacketCheck.cpp
  HackSkillCheck.cpp
  Helper.cpp
  IllusionTemple.cpp
  ImperialGuardian.cpp
  InvasionManager.cpp
  InventoryEquipment.cpp
  IpManager.cpp
  Item.cpp
  ItemBag.cpp
  ItemBagEx.cpp
  ItemBagManager.cpp
  ItemDrop.cpp
  Derleniyor...
  ItemLevel.cpp
  ItemManager.cpp
  ItemMove.cpp
  ItemOption.cpp
  ItemOptionRate.cpp
  ItemStack.cpp
  ItemValue.cpp
  ItemValueTrade.cpp
  JewelMix.cpp
  JewelOfHarmonyOption.cpp
  JewelOfHarmonyType.cpp
  JSProtocol.cpp
  Kalima.cpp
  Kanturu.cpp
  KanturuBattleOfMaya.cpp
  KanturuBattleOfNightmare.cpp
  KanturuBattleStanby.cpp
  KanturuBattleUserMng.cpp
  KanturuEntranceNPC.cpp
  KanturuMaya.cpp
  Derleniyor...
  KanturuMonsterMng.cpp
  KanturuObjInfo.cpp
  KanturuStateInfo.cpp
  KanturuTowerOfRefinement.cpp
  KanturuUtil.cpp
  LifeStone.cpp
  Log.cpp
  LuckyCoin.cpp
  LuckyItem.cpp
  Map.cpp
  MapItem.cpp
  MapManager.cpp
  MapPath.cpp
  MapServerManager.cpp
  MasterSkillTree.cpp
  MemoryAllocator.cpp
  MemoryAllocatorInfo.cpp
  MemScript.cpp
  Mercenary.cpp
  Message.cpp
  Derleniyor...
  MiniDump.cpp
  MiniMap.cpp
  MiningSystem.cpp
  MocNap.cpp
  Monster.cpp
  MonsterAI.cpp
  MonsterAIAgro.cpp
  MonsterAIAutomata.cpp
  MonsterAIAutomataInfo.cpp
  MonsterAIElement.cpp
  MonsterAIElementInfo.cpp
  MonsterAIGroup.cpp
  MonsterAIGroupMember.cpp
  MonsterAIMovePath.cpp
  MonsterAIMovePathInfo.cpp
  MonsterAIRule.cpp
  MonsterAIRuleInfo.cpp
  MonsterAIState.cpp
  MonsterAIUnit.cpp
  MonsterAIUnitInfo.cpp
  Derleniyor...
  MonsterAIUtil.cpp
  MonsterManager.cpp
  MonsterSetBase.cpp
  MonsterSkillElement.cpp
  MonsterSkillElementInfo.cpp
  MonsterSkillElementOption.cpp
  MonsterSkillInfo.cpp
  MonsterSkillManager.cpp
  MonsterSkillUnit.cpp
  MonsterSkillUnitInfo.cpp
  MossMerchant.cpp
  Move.cpp
  MoveSummon.cpp
  MuRummy.cpp
  MuunSystem.cpp
  NewUIMyInventory.cpp
  Notice.cpp
  NpcTalk.cpp
  ObjectManager.cpp
  OfflineMode.cpp
  Derleniyor...
  PacketManager.cpp
  Party.cpp
  PartyMatching.cpp
  Path.cpp
  PcPoint.cpp
  PentagramSystem.cpp
  PersonalShop.cpp
  Protect.cpp
  Protocol.cpp
  pugixml.cpp
  Quest.cpp
  QuestObjective.cpp
  QuestReward.cpp
  QuestWorld.cpp
  QuestWorldObjective.cpp
  QuestWorldReward.cpp
  Queue.cpp
  QueueTimer.cpp
  Raklion.cpp
  RaklionBattleOfSelupan.cpp
  Derleniyor...
  RaklionBattleUser.cpp
  RaklionBattleUserMng.cpp
  RaklionObjInfo.cpp
  RaklionSelupan.cpp
  RaklionUtil.cpp
  RandomManager.cpp
  Reconnect.cpp
  ReiDoMu.cpp
  ResetTable.cpp
  ResetTableVIP.cpp
  RespawnLocation.cpp
  RewardSystem.cpp
  RuudTokenSellTemplate.cpp
  SauChangeItem.cpp
  ScheduleManager.cpp
  SerialCheck.cpp
  ServerDisplayer.cpp
  ServerInfo.cpp
  SetItemOption.cpp
  SetItemType.cpp
  Derleniyor...
  Shop.cpp
  ShopManager.cpp
  Skill.cpp
  SkillHitBox.cpp
  SkillManager.cpp
  SocketItemOption.cpp
  SocketItemType.cpp
  SocketManager.cpp
  SocketManagerUdp.cpp
  StatsAdvance.cpp
  SummonScroll.cpp
  TeleportMarlon.cpp
  ThuMuaDoExc.cpp
  BotAlchemist.cpp
  Trade.cpp
  Union.cpp
  UnionInfo.cpp
  User.cpp
  Util.cpp
  Viewport.cpp
  Derleniyor...
  Warehouse.cpp
  ZenDrop.cpp
  Kod retiliyor
  Previous IPDB not found, fall back to full compilation.
  All 18987 functions were compiled because no usable IPDB/IOBJ from previous compilation was found.
  Kodun retilmesi tamamland
  GameServer.vcxproj -> C:\Axion Mu Source\MuServer\4.GameServer\Sub 1\GameServer\GameServer.exe
