
C:\Program Files\Microsoft Visual Studio\2022\Community\MSBuild\Microsoft\VC\v170\Microsoft.CppBuild.targets(524,5): warning MSB8004: Output dizini sonda bir eßik áizgiyle bitmiyor. Output dizininin dÅzgÅn deßerlendirilmesi iáin bu eßik áizgi gerekli oldußundan bu oluüturma îrneßi eßik áizgiyi ekleyecek. [C:\Axion Mu Source\Source\5.Main\Main.vcxproj]
  StdAfx.cpp
  APICB.cpp
  BlackWin.cpp
  BoneManager.cpp
  BuffIcon.cpp
  Builder.cpp
  Button.cpp
  CameraMove.cpp
  CBChoTroi.cpp
  CBInterface.cpp
  CBInterfaceVIPChar.cpp
  CBTMessageBox.cpp
  CB_ActiveInvasions.cpp
  CB_AutoLogin.cpp
  CB_AutoNapGame.cpp
  CB_AutoResetInfo.cpp
  CB_BossGuild.cpp
  CB_BotTrader.cpp
  CB_BXHTopDmg.cpp
  CB_CongHuong.cpp
  CB_CTCMini.cpp
  CB_DangKyInGame.cpp
  CB_DanhHieu.cpp
  CB_DoiMK.cpp
  CB_DrawCustomRank.cpp
  CB_GetMixRate.cpp
  CB_HuyDongExc.cpp
  CB_InfoCustomMix.cpp
  CB_LockItem.cpp
  CB_Mapping.cpp
  CB_MUHelper.cpp
  ScenePerfTelemetry.cpp
  CB_NewQuest.cpp
  CB_OffMuHelper.cpp
  CB_StatsAdvance.cpp
  CB_ViewCharItem.cpp
  CB_JewelBank.cpp
  CB_NewJewelBank.cpp
  CB_OffTrade.cpp
  CComGem.cpp
  CDirection.cpp
  ChangeRingManager.cpp
  CharacterManager.cpp
  CharInfoBalloon.cpp
  CharInfoBalloonMng.cpp
  CharMakeWin.cpp
  CharSelMainWin.cpp
  CKANTURUDirection.cpp
  CMVP1stDirection.cpp
  CreditInfo.cpp
  CreditWin.cpp
  CSChaosCastle.cpp
  CSEventMatch.cpp
  CSItemOption.cpp
  CSMapServer.cpp
  CSParts.cpp
  CSPetSystem.cpp
  CSQuest.cpp
  CSWaterTerrain.cpp
  CUIController.cpp
  CustomBow.cpp
  CustomBuyVip.cpp
  CustomCloak.cpp
  CustomCommandInfo.cpp
  CustomDmgColor.cpp
  CustomEventTime.cpp
  CustomGloves.cpp
  CustomItem.cpp
  CustomJewel.cpp
  CustomMap.cpp
  CustomMessage.cpp
  CustomMonster.cpp
  CustomMonsterGlow.cpp
  CustomNpcName.cpp
  CustomPet.cpp
  CustomPetEffect.cpp
  CustomRanking.cpp
  CustomRankUser.cpp
  CustomWing.cpp
  DialogInfo.cpp
  DSplaysound.cpp
  DSwaveIO.cpp
  DuelMgr.cpp
  DynamicEffect.cpp
  Event.cpp
  ExplanationInfo.cpp
  callstackdmp.cpp
  checkintegrity.cpp
  ExceptionHandler.cpp
  html_log.cpp
  peimage.cpp
  stdleaf.cpp
  sysinfo.cpp
  xortrans.cpp
  xstreambuf.cpp
  FilterInfo.cpp
  FilterNameInfo.cpp
  GambleSystem.cpp
  GameCensorship.cpp
  DownloadInfo.cpp
  FileDownloader.cpp
  FTPConnecter.cpp
  HTTPConnecter.cpp
  InGameShopSystem.cpp
  MsgBoxIGSBuyConfirm.cpp
  MsgBoxIGSBuyPackageItem.cpp
  MsgBoxIGSBuySelectItem.cpp
  MsgBoxIGSCommon.cpp
  MsgBoxIGSDeleteItemConfirm.cpp
  MsgBoxIGSGiftStorageItemInfo.cpp
  MsgBoxIGSSendGift.cpp
  MsgBoxIGSSendGiftConfirm.cpp
  MsgBoxIGSStorageItemInfo.cpp
  MsgBoxIGSUseBuffConfirm.cpp
  MsgBoxIGSUseItemConfirm.cpp
  NewUIInGameShop.cpp
  BannerInfo.cpp
  BannerInfoList.cpp
  BannerListManager.cpp
  FTPFileDownLoader.cpp
  Path.cpp
  WZResult.cpp
  ListManager.cpp
  ShopCategory.cpp
  ShopCategoryList.cpp
  ShopList.cpp
  ShopListManager.cpp
  ShopPackage.cpp
  ShopPackageList.cpp
  ShopProduct.cpp
  ShopProductList.cpp
  StringMethod.cpp
  StringToken.cpp
  GaugeBar.cpp
  GIPetManager.cpp
  GlobalBitmap.cpp
  GM3rdChangeUp.cpp
  GMAida.cpp
  GMBattleCastle.cpp
  GMCryingWolf2nd.cpp
  GMCrywolf1st.cpp
  GMDoppelGanger1.cpp
  GMDoppelGanger2.cpp
  GMDoppelGanger3.cpp
  GMDoppelGanger4.cpp
  GMDuelArena.cpp
  GMEmpireGuardian1.cpp
  GMEmpireGuardian2.cpp
  GMEmpireGuardian3.cpp
  GMEmpireGuardian4.cpp
  GMHellas.cpp
  GMHuntingGround.cpp
  GMKarutan1.cpp
  GMNewTown.cpp
  GMSantaTown.cpp
  GMSwampOfQuiet.cpp
  GMUnitedMarketPlace.cpp
  GM_kanturu_1st.cpp
  GM_Kanturu_2nd.cpp
  GM_Kanturu_3rd.cpp
  GM_PK_Field.cpp
  GM_Raklion.cpp
  GOBoid.cpp
  GuildCache.cpp
  GuildManager.cpp
  Input.cpp
  ItemAddOptioninfo.cpp
  ItemInfo.cpp
  ItemManager.cpp
  ItemTooltip.cpp
  ItemTRSData.cpp
  KeyGenerater.cpp
  LoadData.cpp
  LoadingScene.cpp
  Local.cpp
  LoginMainWin.cpp
  LoginWin.cpp
  MainLoad.cpp
  SPKData.cpp
C:\Axion Mu Source\Source\5.Main\source\SPKData.cpp(203,49): error C2065: 'SPK_CAMERA_FPS_OFFSET': bildirimi yapçlmamçü tançmlayçcç [C:\Axion Mu Source\Source\5.Main\Main.vcxproj]
  ('/source/SPKData.cpp' kaynak dosyasç derleniyor)
  
C:\Axion Mu Source\Source\5.Main\source\SPKData.cpp(203,2): error C2660: 'memcpy': iülev 2 baßçmsçz deßiüken almçyor [C:\Axion Mu Source\Source\5.Main\Main.vcxproj]
  ('/source/SPKData.cpp' kaynak dosyasç derleniyor)
      C:\Program Files\Microsoft Visual Studio\2022\Community\VC\Tools\MSVC\14.44.35207\include\vcruntime_string.h(43,15):
      'memcpy' bildirimine bakçn
      C:\Axion Mu Source\Source\5.Main\source\SPKData.cpp(203,2):
      '(float *, int)' baßçmsçz deßiüken listesi eülenmeye áalçüçlçrken
  
  SPKMenuBar.cpp
  SPKAsset.cpp
  MapManager.cpp
  MatchEvent.cpp
  ZzzMathLib.cpp
  MemScript.cpp
  MenuCustom.cpp
  MixMgr.cpp
C:\Axion Mu Source\Source\5.Main\source\SPKMenuBar.cpp(158,7): error C2065: 'DisplayWidth': bildirimi yapçlmamçü tançmlayçcç [C:\Axion Mu Source\Source\5.Main\Main.vcxproj]
  ('/source/SPKMenuBar.cpp' kaynak dosyasç derleniyor)
  
C:\Axion Mu Source\Source\5.Main\source\SPKMenuBar.cpp(181,7): error C2065: 'g_pBCustomMenuInfo': bildirimi yapçlmamçü tançmlayçcç [C:\Axion Mu Source\Source\5.Main\Main.vcxproj]
  ('/source/SPKMenuBar.cpp' kaynak dosyasç derleniyor)
  
  MocDonate.cpp
  MonkSystem.cpp
  MonsterEffect.cpp
  MoveCommandData.cpp
  MovereqInfo.cpp
  MovieScene.cpp
  MsgWin.cpp
  MultiLanguage.cpp
  NewBloodCastleSystem.cpp
  NewChaosCastleSystem.cpp
  NewUI3DRenderMng.cpp
  NewUIBattleSoccerScore.cpp
  NewUIBCustomMenu.cpp
  NewUIBloodCastleEnter.cpp
  NewUIBloodCastleTime.cpp
  NewUIBMacro.cpp
  NewUIBuffWindow.cpp
  NewUIButton.cpp
  NewUICastleWindow.cpp
  NewUICatapultWindow.cpp
  NewUIChaosCastleTime.cpp
  NewUICharacterInfoWindow.cpp
  NewUIChatInputBox.cpp
  NewUIChatLogWindow.cpp
  NewUICommandWindow.cpp
  NewUICommon.cpp
  NewUICommonMessageBox.cpp
  NewUICryWolf.cpp
  NewUICursedTempleEnter.cpp
  NewUICursedTempleResult.cpp
  NewUICursedTempleSystem.cpp
  NewUICustomMessageBox.cpp
  NewUIDoppelGangerFrame.cpp
  NewUIDoppelGangerWindow.cpp
  NewUIDuelWatchMainFrameWindow.cpp
  NewUIDuelWatchUserListWindow.cpp
  NewUIDuelWatchWindow.cpp
  NewUIDuelWindow.cpp
  NewUIEmpireGuardianNPC.cpp
  NewUIEmpireGuardianTimer.cpp
  NewUIEnterDevilSquare.cpp
  NewUIExchangeLuckyCoin.cpp
  NewUIFriendWindow.cpp
  NewUIGatemanWindow.cpp
  NewUIGateSwitchWindow.cpp
  NewUIGensRanking.cpp
  NewUIGoldBowmanLena.cpp
  NewUIGoldBowmanWindow.cpp
  NewUIGroup.cpp
  NewUIGuardWindow.cpp
  NewUIGuildInfoWindow.cpp
  NewUIGuildMakeWindow.cpp
  NewUIHelpWindow.cpp
  NewUIHeroPositionInfo.cpp
  NewUIHotKey.cpp
  NewUIInventoryCtrl.cpp
  NewUIInventoryExtension.cpp
  NewUIItemEnduranceInfo.cpp
  NewUIItemExplanationWindow.cpp
  NewUIItemMng.cpp
  NewUIKanturuEvent.cpp
  NewUILuckyItemWnd.cpp
  NewUIMainFrameWindow.cpp
  NewUIManager.cpp
  NewUIMasterLevel.cpp
  NewUIMasterSkillTree.cpp
  NewUIMessageBox.cpp
  NewUIMiniMap.cpp
  NewUIMixInventory.cpp
  NewUIMoveCommandWindow.cpp
  NewUIMuHelper.cpp
  NewUIMyInventory.cpp
  NewUIMyQuestInfoWindow.cpp
  NewUIMyShopInventory.cpp
  NewUINameWindow.cpp
  NewUINPCDialogue.cpp
  NewUINPCQuest.cpp
  NewUINPCShop.cpp
  NewUIOptionWindow.cpp
  NewUIPartyInfoWindow.cpp
  NewUIPartyListWindow.cpp
  NewUIPetInfoWindow.cpp
  NewUIPurchaseShopInventory.cpp
  NewUIQuestProgress.cpp
  NewUIQuestProgressByEtc.cpp
  NewUIQuickCommandWindow.cpp
  NewUIRegistrationLuckyCoin.cpp
  NewUIRenderNumber.cpp
  NewUIScrollBar.cpp
  NewUISeigeWarfare.cpp
  NewUISetItemExplanation.cpp
  NewUISiegeWarBase.cpp
  NewUISiegeWarCommander.cpp
  NewUISiegeWarObserver.cpp
  NewUISiegeWarSoldier.cpp
  NewUISlideWindow.cpp
  NewUIStorageInventory.cpp
  NewUIStorageInventoryExt.cpp
  NewUISystem.cpp
  NewUITextBox.cpp
  NewUITrade.cpp
  NewUIUnitedMarketPlaceWindow.cpp
  NewUIWindowMenu.cpp
  npcBreeder.cpp
  npcCatapult.cpp
  npcGateSwitch.cpp
  Observer.cpp
  OptionWin.cpp
  Other.cpp
  PacketManager.cpp
  PartyManager.cpp
  PersonalShopTitleImp.cpp
  PetProtocol.cpp
  PhysicsManager.cpp
  PList.cpp
  PortalMgr.cpp
  PrintPlayer.cpp
  Protect.cpp
  ProtectSysKey.cpp
  Protocol.cpp
  ProtocolSend.cpp
  QuestInfo.cpp
  QuestMng.cpp
  Ranking.cpp
  Reconnect.cpp
  ServerGroup.cpp
  ServerInfo.cpp
  ServerListManager.cpp
  ServerMsgWin.cpp
  ServerSelWin.cpp
  ShadowVolume.cpp
  SideHair.cpp
  SkillEffectMgr.cpp
  SkillInfo.cpp
  SkillManager.cpp
  SlideInfo.cpp
  Slider.cpp
  SMD.cpp
  SMD2BMD.cpp
  SocketSystem.cpp
  Sprite.cpp
  Stack.cpp
  StackWalker.cpp
  StaticEffect.cpp
  SummonSystem.cpp
  SysMenuWin.cpp
  TestEventMap.cpp
  TextureScript.cpp
  CTimCheck.cpp
  Timer.cpp
  TrayMode.cpp
  UIControls.cpp
  UIDefaultBase.cpp
  UIGateKeeper.cpp
  UIGuardsMan.cpp
  UIGuildInfo.cpp
  UIGuildMaster.cpp
  UIJewelHarmony.cpp
  UIManager.cpp
  UIMapName.cpp
  UIMng.cpp
  UIPopup.cpp
  UISenatus.cpp
  UIWindows.cpp
  UsefulDef.cpp
  Util.cpp
  CCRC32.Cpp
  DebugAngel.cpp
  ErrorReport.cpp
  muConsoleDebug.cpp
  WindowsConsole.cpp
  MemoryLock.cpp
  VongQuay.cpp
  Win.cpp
  WindowClass.cpp
  WinEx.cpp
  Winmain.cpp
  WSctlc.cpp
  w_BasePet.cpp
  w_Buff.cpp
  w_BuffScriptLoader.cpp
  w_BuffStateSystem.cpp
  w_BuffStateValueControl.cpp
  w_BuffTimeControl.cpp
  w_CharacterInfo.cpp
  w_CursedTemple.cpp
  w_MapProcess.cpp
  w_ObjectInfo.cpp
  w_PetActionCollecter.cpp
  w_PetActionCollecter_Add.cpp
  w_PetActionDemon.cpp
  w_PetActionRound.cpp
  w_PetActionStand.cpp
  w_PetActionUnicorn.cpp
  w_PetProcess.cpp
  ZzzAI.cpp
  ZzzBMD.cpp
  ZzzCharacter.cpp
  ZzzEffectBlurSpark.cpp
  ZzzEffectFireLeave.cpp
  ZzzEffectJoint.cpp
  ZzzEffectMagicSkill.cpp
  ZzzEffectNoUse.cpp
  ZzzEffectParticle.cpp
  ZzzEffectPoint.cpp
  ZzzEffectPointer.cpp
  zzzeffectsprite.cpp
  ZzzInfomation.cpp
  ZzzLodTerrain.cpp
  zzzMixInvetory.cpp
  ZzzObject.cpp
  ZzzOpenData.cpp
  ZzzOpenglUtil.cpp
  zzzpath.cpp
  ZzzTexture.cpp
  _GlobalFunctions.cpp
MAIN_EXIT=1
MAIN_ALL_DONE
