0 head=0x0 size=4 enc=0 hex=C1040001
1 head=0xf4 size=11 enc=0 hex=C2000BF4060001000000CC
2 head=0xf4 size=22 enc=0 hex=C116F40334352E38372E3132302E32390074F8B470DA
3 head=0xf1 size=12 enc=0 hex=C10CF1000123283130333334
4 head=0xf1 size=5 enc=0 hex=C105F10101
5 head=0xf3 size=34 enc=0 hex=C20022F3F20148303138546573740000000000000000000000000000000000000000
6 head=0xf3 size=41 enc=1 hex=C129F300000001000048303138546573740000000100002000FFFFFFF3000000F8000020FFFFFF0000
7 head=0xf3 size=172 enc=0 hex=C1ACF3E12EC72D002EC72D0014000000140000001900000019000000E2D30300E2D303000000000000000000000000000000000000000000040000000D00000001000000020000000100000002000000000000000000000000000000000000000000000000000000000000000000000015000000150000002A0000005D000000DF050000060000000C000000C900000064000000640000006400000000000000000000000000000000000000
8 head=0xf3 size=216 enc=0 hex=C1D8F3F3010000000100000000000000FC79820B000000000000000000000000000000000000000000000000000000000000000000000000000000000200000032000000000000000000000000000000000000005D0000000C000000000000000000000000000000000000000000000000000000000000000000000000000000000000000000000000000000000000000000000000000000000000000000000000000000000000000000000000000000000000000000000000000000000000000000000015000000..
9 head=0xf size=4 enc=0 hex=C1040F02
10 head=0xf3 size=135 enc=1 hex=C187F3038F7A00000000000000000000000000000000006400001C00140019000A00E8FDE8FD14001400E8FDE8FD19001900000000000000030000000200000000000200000000000000000000000000000000002EC72D002EC72D0014000000140000001900000019000000E2D30300E2D303001C00000014000000190000000A000000000000
11 head=0xf3 size=43 enc=1 hex=C2002BF310030000001200001000FFFFFFFFFF0C14081E0000D000FFFFFFFFFF0D14101E0000D000FFFFFF
12 head=0xf3 size=30 enc=0 hex=C11EF3110600002C00000143000002440000034500000446000005470000
13 head=0xf3 size=246 enc=0 hex=C1F6F3E304030A0C649600000000000038AA7B001F20010028AA7B001000000000000000E3DFCE746B81ED855028BE00F0DBCE7400000000ACAA7B00010000000000000000000000000000001C000000985F0E76000000000000000000000000B06CC9006802000038AA7B0018AA7B00D2D4D003FCE07B003600000008D0172E2F2300003600000093392C019CAA7B00AA392C0168BCB70170EE450C70EE450C14000000000000005093C900F4AA7B00EBFF280108D04A0C1000000008D04A0C2823000010000000..
14 head=0xf3 size=26 enc=0 hex=C2001AF3F1012823000000000000000000000000000000000000
15 head=0x12 size=41 enc=0 hex=C200291201A3288F7A2000FFFFFFF3000000F8000020FFFFFF0000483031385465737400008F7A0300
16 head=0xf3 size=116 enc=0 hex=C20074F3E500000001000000000000004E6F7661746F00000000000000000000000000002823000001000000000000000000000000000000000000001C0000000A0000001400000019000000000000001000000000000000544B204D69E1BB856E207068C3AD004CC3A2755DFFFFFFFFFFFF0000
17 head=0xf3 size=116 enc=0 hex=C20074F3E500000001000000000000004E6F7661746F00000000000000000000000000002823000001000000000000000000000000000000000000001C0000000A0000001400000019000000000000001000000000000000544B204D69E1BB856E207068C3AD004CC3A2755DFFFFFFFFFFFF0000
18 head=0x0 size=36 enc=0 hex=C124005B557365724F4E5D000040483031385465737420C491C3A3206F6E6C696E652100
19 head=0xf3 size=12 enc=0 hex=C10CF3EC00000000FFFFFFFF
20 head=0xf3 size=34 enc=0 hex=C122F330FFFFFFFFFFFFFFFFFFFFFFFFFFFFFFFFFFFFFFFFFFFFFFFFFFFFFFFFFFFF
21 head=0x12 size=41 enc=0 hex=C2002912011F40887E58FFFFFFFFFF000000F80000F0FFFFFF0060427566666572456C6661887E3300
22 head=0x13 size=25 enc=0 hex=C200191301000B00F0926E926E306400024B00000000FFFFFF
23 head=0xf size=4 enc=0 hex=C1040F03
24 head=0xf3 size=18 enc=0 hex=C20012F398012A0300000100000001000000
25 head=0xf3 size=18 enc=0 hex=C20012F398012A0300000100000001000000
26 head=0xf3 size=22 enc=0 hex=C20016F3E2020B00036400000200401F063200009001
27 head=0xf3 size=22 enc=0 hex=C20016F3E2020B00036400000200401F063200009001
28 head=0xf3 size=172 enc=0 hex=C1ACF3E12EC72D002EC72D0014000000140000001900000019000000E2D30300E2D303000000000000000000000000000000000000000000040000000D00000001000000020000000100000002000000000000000000000000000000000000000000000000000000000000000000000015000000150000002A0000005D000000DF050000060000000C000000C900000064000000640000006400000000000000000000000000000000000000
29 head=0xf3 size=216 enc=0 hex=C1D8F3F30197ED8501000000000000002C030000000000000000000000000000000000000000000000000000000000000000000000000000000000000200000032000000000000000000000000000000000000005D0000000C000000000000000000000000000000000000000000000000000000000000000000000000000000000000000000000000000000000000000000000000000000000000000000000000000000000000000000000000000000000000000000000000000000000000000000000015000000..
30 head=0xf3 size=48 enc=0 hex=C130F3500000000000000000000000000000021DCB6A0000E8FD1400E8FD19002EC72D001400000019000000E2D30300
31 head=0xf3 size=12 enc=0 hex=C2000CF3F400010000000000
32 head=0xf3 size=12 enc=0 hex=C2000CF35300010000000000
33 head=0xf3 size=22 enc=0 hex=C20016F3E2020B00036400000200401F063200009001
34 head=0xf3 size=20 enc=0 hex=C114F3EAA79DAF0000000000A0F7B00018000000
35 head=0xf3 size=22 enc=0 hex=C20016F3E2020B00036400000200401F063200009001
36 head=0xf3 size=22 enc=0 hex=C20016F3E2020B00036400000200401F063200009001
37 head=0xf3 size=22 enc=0 hex=C20016F3E2020B00036400000200401F063200009001
38 head=0xf3 size=22 enc=0 hex=C20016F3E2020B00036400000200401F063200009001
39 head=0xf3 size=22 enc=0 hex=C20016F3E2020B00036400000200401F063200009001
40 head=0xf3 size=22 enc=0 hex=C20016F3E2020B00036400000200401F063200009001
41 head=0xf3 size=22 enc=0 hex=C20016F3E2020B00036400000200401F063200009001
42 head=0xf3 size=22 enc=0 hex=C20016F3E2020B00036400000200401F063200009001
43 head=0xf3 size=22 enc=0 hex=C20016F3E2020B00036400000200401F063200009001
44 head=0xf3 size=22 enc=0 hex=C20016F3E2020B00036400000200401F063200009001
45 head=0xf3 size=22 enc=0 hex=C20016F3E2020B00036400000200401F063200009001
46 head=0xf3 size=22 enc=0 hex=C20016F3E2020B00036400000200401F063200009001
47 head=0xf3 size=22 enc=0 hex=C20016F3E2020B00036400000200401F063200009001
48 head=0xf3 size=22 enc=0 hex=C20016F3E2020B00036400000200401F063200009001
49 head=0xf size=4 enc=0 hex=C1040F14
50 head=0xf3 size=22 enc=0 hex=C20016F3E2020B00036400000200401F063200009001
51 head=0xf1 size=4 enc=1 hex=C104F102
52 head=0xf1 size=4 enc=1 hex=C104F102
53 head=0x0 size=4 enc=0 hex=C1040001
54 head=0xf4 size=11 enc=0 hex=C2000BF4060001000000CC
