===== client (Global Release) =====

C:\Program Files\Microsoft Visual Studio\2022\Community\MSBuild\Microsoft\VC\v170\Microsoft.CppBuild.targets(524,5): warning MSB8004: Output dizini sonda bir eßik áizgiyle bitmiyor. Output dizininin dÅzgÅn deßerlendirilmesi iáin bu eßik áizgi gerekli oldußundan bu oluüturma îrneßi eßik áizgiyi ekleyecek. [C:\Axion Mu Source\Source\5.Main\Main.vcxproj]
  Main.vcxproj -> C:\Axion Mu Source\ClientFile\Main.exe
EXIT_client=0 (2 sn)
===== cs603 (Release_EX603) =====

C:\Program Files\Microsoft Visual Studio\2022\Community\MSBuild\Microsoft\VC\v170\Microsoft.CppBuild.targets(524,5): warning MSB8004: Output dizini sonda bir eßik áizgiyle bitmiyor. Output dizininin dÅzgÅn deßerlendirilmesi iáin bu eßik áizgi gerekli oldußundan bu oluüturma îrneßi eßik áizgiyi ekleyecek. [C:\Axion Mu Source\Source\1.ConnectServer\ConnectServer\ConnectServer.vcxproj]
  Kod Åretiliyor
  0 of 529 functions ( 0.0%) were compiled, the rest were copied from previous compilation.
    0 functions were new in current compilation
    0 functions had inline decision re-evaluated but remain unchanged
  Kodun Åretilmesi tamamlandç
  ConnectServer.vcxproj -> C:\Axion Mu Source\MuServer\1.ConnectServer\ConnectServer.exe
EXIT_cs603=0 (1 sn)
===== js603 (Release_EX603) =====

C:\Program Files\Microsoft Visual Studio\2022\Community\MSBuild\Microsoft\VC\v170\Microsoft.CppBuild.targets(524,5): warning MSB8004: Output dizini sonda bir eßik áizgiyle bitmiyor. Output dizininin dÅzgÅn deßerlendirilmesi iáin bu eßik áizgi gerekli oldußundan bu oluüturma îrneßi eßik áizgiyi ekleyecek. [C:\Axion Mu Source\Source\3.JoinServer\JoinServer\JoinServer.vcxproj]
  stdafx.cpp
  MD5.cpp
  AccountManager.cpp
  AllowableIpList.cpp
C:\Program Files\Microsoft Visual Studio\2022\Community\VC\Tools\MSVC\14.44.35207\include\algorithm(3800,24): warning C4244: '=': 'LONG' - 'char' dînÅüÅmÅ; veri kaybç olabilir [C:\Axion Mu Source\Source\3.JoinServer\JoinServer\JoinServer.vcxproj]
  ('/AccountManager.cpp' kaynak dosyasç derleniyor)
      C:\Program Files\Microsoft Visual Studio\2022\Community\VC\Tools\MSVC\14.44.35207\include\algorithm(3800,24):
      üablon îrneßi oluüturma baßlamç (înce en eski olan)
          C:\Axion Mu Source\Source\3.JoinServer\JoinServer\AccountManager.cpp(83,7):
          derlenen üablon iülevi '_OutIt std::transform<std::_String_iterator<std::_String_val<std::_Simple_types<_Elem>>>,std::_String_iterator<std::_String_val<std::_Simple_types<_Elem>>>,LONG(__cdecl *)(int)>(const _InIt,const _InIt,_OutIt,_Fn)' îrneßi oluüturma baüvurusuna bakçn
          with
          [
              _OutIt=std::_String_iterator<std::_String_val<std::_Simple_types<char>>>,
              _Elem=char,
              _InIt=std::_String_iterator<std::_String_val<std::_Simple_types<char>>>,
              _Fn=LONG (__cdecl *)(int)
          ]
  
  CriticalSection.cpp
  JoinServer.cpp
  JoinServerProtocol.cpp
  Log.cpp
  MemScript.cpp
  MiniDump.cpp
  Protect.cpp
  QueryManager.cpp
  Queue.cpp
  ServerDisplayer.cpp
  ServerManager.cpp
  SocketManager.cpp
  SocketManagerUdp.cpp
  Util.cpp
  Kod Åretiliyor
  Previous IPDB not found, fall back to full compilation.
  All 708 functions were compiled because no usable IPDB/IOBJ from previous compilation was found.
  Kodun Åretilmesi tamamlandç
  JoinServer.vcxproj -> C:\Axion Mu Source\MuServer\3.JoinServer\JoinServer.exe
EXIT_js603=0 (5 sn)
===== ds603 (Release_EX603) =====

C:\Program Files\Microsoft Visual Studio\2022\Community\MSBuild\Microsoft\VC\v170\Microsoft.CppBuild.targets(524,5): warning MSB8004: Output dizini sonda bir eßik áizgiyle bitmiyor. Output dizininin dÅzgÅn deßerlendirilmesi iáin bu eßik áizgi gerekli oldußundan bu oluüturma îrneßi eßik áizgiyi ekleyecek. [C:\Axion Mu Source\Source\2.DataServer\DataServer\DataServer.vcxproj]
  stdafx.cpp
  AllowableIpList.cpp
  ArcaBattle.cpp
  BadSyntax.cpp
  CashShop.cpp
  CastleDBSet.cpp
  CB_AutoNapGame.cpp
  CharacterManager.cpp
  ChoTroi.cpp
  CommandManager.cpp
  CriticalSection.cpp
  CSProtocol.cpp
  DataServer.cpp
  DataServerProtocol.cpp
  ESProtocol.cpp
  EventInventory.cpp
  GensSystem.cpp
  GuildManager.cpp
  GuildMatching.cpp
  Helper.cpp
  Log.cpp
  Derleniyor...
  LuckyCoin.cpp
  LuckyItem.cpp
  MasterSkillTree.cpp
  MemScript.cpp
  MiniDump.cpp
  MuRummy.cpp
  MuunSystem.cpp
  NewUIMyInventory.cpp
  NpcTalk.cpp
  PartyMatching.cpp
  PcPoint.cpp
  PentagramSystem.cpp
  PersonalShop.cpp
  Protect.cpp
  DataStore.cpp
  QueryManager.cpp
  Quest.cpp
  QuestWorld.cpp
  Queue.cpp
  ReiDoMU.cpp
  Derleniyor...
  ServerDisplayer.cpp
  ServerManager.cpp
  SocketManager.cpp
  Util.cpp
  Warehouse.cpp
  Kod Åretiliyor
  Previous IPDB not found, fall back to full compilation.
  All 1268 functions were compiled because no usable IPDB/IOBJ from previous compilation was found.
  Kodun Åretilmesi tamamlandç
  DataServer.vcxproj -> C:\Axion Mu Source\MuServer\2.DataServer\DataServer.exe
EXIT_ds603=0 (14 sn)
===== gs603 (Release_EX603) =====

C:\Program Files\Microsoft Visual Studio\2022\Community\MSBuild\Microsoft\VC\v170\Microsoft.CppBuild.targets(524,5): warning MSB8004: Output dizini sonda bir eßik áizgiyle bitmiyor. Output dizininin dÅzgÅn deßerlendirilmesi iáin bu eßik áizgi gerekli oldußundan bu oluüturma îrneßi eßik áizgiyi ekleyecek. [C:\Axion Mu Source\Source\4.GameServer\GameServer\GameServer.vcxproj]
  stdafx.cpp
  CCRC32.Cpp
  Math.cpp
  380ItemOption.cpp
  380ItemType.cpp
  ArcaBattle.cpp
  Attack.cpp
  BattleGround.cpp
  BattleSoccer.cpp
  BattleSoccerManager.cpp
  BattleSurvivor.cpp
  BCustomChoTroi.cpp
  BCustomEdit.cpp
  BCustomItemBank.cpp
  BCustomVIPChar.cpp
  BloodCastle.cpp
  BonusManager.cpp
  BossGuild.cpp
  EventGvG.cpp
  BotBuffer.cpp
  CannonTower.cpp
  Derleniyor...
  CashShop.cpp
  CastleDeep.cpp
  CastleSiege.cpp
  CastleSiegeCrown.cpp
  CastleSiegeCrownSwitch.cpp
  CastleSiegeSync.cpp
  CastleSiegeWeapon.cpp
  CBCongHuong.cpp
  CBHuyDongExc.cpp
  CB_ActiveInvasions.cpp
  CB_AutoNapGame.cpp
  CB_BotTrader.cpp
  CB_NewQuest.cpp
  ChangeClass.cpp
  ChaosBox.cpp
  ChaosCastle.cpp
  ComboSkill.cpp
  Command.cpp
  CommandManager.cpp
  Connection.cpp
  Derleniyor...
  CriticalSection.cpp
  Crywolf.cpp
  CrywolfAltar.cpp
  CrywolfObjInfo.cpp
  CrywolfStateTimeInfo.cpp
  CrywolfStatue.cpp
  CrywolfSync.cpp
  CrywolfUtil.cpp
  CEventName.cpp
  CSProtocol.cpp
  CTCMini.cpp
  CustomArena.cpp
  CustomAttack.cpp
  CustomBuyVip.cpp
  CustomCombo.cpp
  CustomCommandDescription.cpp
  CustomDeathMessage.cpp
  CustomEventDrop.cpp
  CustomEventTime.cpp
  CustomJewel.cpp
  Derleniyor...
  CustomMix.cpp
  CustomMonster.cpp
  SPK_MonsterSkill.cpp
  CustomItemSetPro.cpp
  CustomMonterPoint.cpp
  CustomMove.cpp
  CustomNoticeDrop.cpp
  CustomNpcCollector.cpp
  CustomNpcCommand.cpp
  CustomNpcMove.cpp
  CustomNpcQuest.cpp
  CustomOnlineLottery.cpp
  CustomPet.cpp
  CustomPick.cpp
  CustomPKFree.cpp
  CustomQuest.cpp
  CustomQuiz.cpp
  CustomRanking.cpp
  CustomRankUser.cpp
  CustomStartItem.cpp
  Derleniyor...
  CustomStore.cpp
  CustomTop.cpp
  CustomVongQuay.cpp
  CustomWing.cpp
  CustomWingMix.cpp
  DanhHieu.cpp
  DarkSpirit.cpp
  DefaultClassInfo.cpp
  DevilSquare.cpp
  DoubleGoer.cpp
  DropReward.cpp
  DSProtocol.cpp
  Duel.cpp
  Effect.cpp
  EffectManager.cpp
  ESProtocol.cpp
  EventHideAndSeek.cpp
  EventInventory.cpp
  EventKillAll.cpp
  EventPvP.cpp
  Derleniyor...
  EventQuickly.cpp
  EventRunAndCatch.cpp
  EventRussianRoulette.cpp
  EventStart.cpp
  EventTvT.cpp
  ExperienceTable.cpp
  FakeOnline.cpp
  Filter.cpp
  FilterRaname.cpp
  FlyingDragons.cpp
  Fruit.cpp
  GameMain.cpp
  AUTOHP.cpp
  CustomJewelBank.cpp
  SkillDamage.cpp
  PC_AddBuff.cpp
  SPK_Harmony.cpp
  EventMainManager.cpp
  GameMaster.cpp
  GameServer.cpp
  Derleniyor...
  Gate.cpp
  GensSystem.cpp
  GuardianStatue.cpp
  Guild.cpp
  GuildClass.cpp
  GuildMatching.cpp
  HackCheck.cpp
  HackPacketCheck.cpp
  HackSkillCheck.cpp
  Helper.cpp
  IllusionTemple.cpp
  ImperialGuardian.cpp
  InvasionManager.cpp
  InventoryEquipment.cpp
  IpManager.cpp
  Item.cpp
  ItemBag.cpp
  ItemBagEx.cpp
  ItemBagManager.cpp
  ItemDrop.cpp
  Derleniyor...
  ItemLevel.cpp
  ItemManager.cpp
  ItemMove.cpp
  ItemOption.cpp
  ItemOptionRate.cpp
  ItemStack.cpp
  ItemValue.cpp
  ItemValueTrade.cpp
  JewelMix.cpp
  JewelOfHarmonyOption.cpp
  JewelOfHarmonyType.cpp
  JSProtocol.cpp
  Kalima.cpp
  Kanturu.cpp
  KanturuBattleOfMaya.cpp
  KanturuBattleOfNightmare.cpp
  KanturuBattleStanby.cpp
  KanturuBattleUserMng.cpp
  KanturuEntranceNPC.cpp
  KanturuMaya.cpp
  Derleniyor...
  KanturuMonsterMng.cpp
  KanturuObjInfo.cpp
  KanturuStateInfo.cpp
  KanturuTowerOfRefinement.cpp
  KanturuUtil.cpp
  LifeStone.cpp
  Log.cpp
  LuckyCoin.cpp
  LuckyItem.cpp
  Map.cpp
  MapItem.cpp
  MapManager.cpp
  MapPath.cpp
  MapServerManager.cpp
  MasterSkillTree.cpp
  MemoryAllocator.cpp
  MemoryAllocatorInfo.cpp
  MemScript.cpp
  Mercenary.cpp
  Message.cpp
  Derleniyor...
  MiniDump.cpp
  MiniMap.cpp
  MiningSystem.cpp
  MocNap.cpp
  Monster.cpp
  MonsterAI.cpp
  MonsterAIAgro.cpp
  MonsterAIAutomata.cpp
  MonsterAIAutomataInfo.cpp
  MonsterAIElement.cpp
  MonsterAIElementInfo.cpp
  MonsterAIGroup.cpp
  MonsterAIGroupMember.cpp
  MonsterAIMovePath.cpp
  MonsterAIMovePathInfo.cpp
  MonsterAIRule.cpp
  MonsterAIRuleInfo.cpp
  MonsterAIState.cpp
  MonsterAIUnit.cpp
  MonsterAIUnitInfo.cpp
  Derleniyor...
  MonsterAIUtil.cpp
  MonsterManager.cpp
  MonsterSetBase.cpp
  MonsterSkillElement.cpp
  MonsterSkillElementInfo.cpp
  MonsterSkillElementOption.cpp
  MonsterSkillInfo.cpp
  MonsterSkillManager.cpp
  MonsterSkillUnit.cpp
  MonsterSkillUnitInfo.cpp
  MossMerchant.cpp
  Move.cpp
  MoveSummon.cpp
  MuRummy.cpp
  MuunSystem.cpp
  NewUIMyInventory.cpp
  Notice.cpp
  NpcTalk.cpp
  ObjectManager.cpp
  OfflineMode.cpp
  Derleniyor...
  PacketManager.cpp
  Party.cpp
  PartyMatching.cpp
  Path.cpp
  PcPoint.cpp
  PentagramSystem.cpp
  PersonalShop.cpp
  Protect.cpp
  Protocol.cpp
  pugixml.cpp
  Quest.cpp
  QuestObjective.cpp
  QuestReward.cpp
  QuestWorld.cpp
  QuestWorldObjective.cpp
  QuestWorldReward.cpp
  Queue.cpp
  QueueTimer.cpp
  Raklion.cpp
  RaklionBattleOfSelupan.cpp
  Derleniyor...
  RaklionBattleUser.cpp
  RaklionBattleUserMng.cpp
  RaklionObjInfo.cpp
  RaklionSelupan.cpp
  RaklionUtil.cpp
  RandomManager.cpp
  Reconnect.cpp
  ReiDoMu.cpp
  ResetTable.cpp
  ResetTableVIP.cpp
  RespawnLocation.cpp
  RewardSystem.cpp
  RuudTokenSellTemplate.cpp
  SauChangeItem.cpp
  ScheduleManager.cpp
  SerialCheck.cpp
  ServerDisplayer.cpp
  ServerInfo.cpp
  SetItemOption.cpp
  SetItemType.cpp
  Derleniyor...
  Shop.cpp
  ShopManager.cpp
  Skill.cpp
  SkillHitBox.cpp
  SkillManager.cpp
  SocketItemOption.cpp
  SocketItemType.cpp
  SocketManager.cpp
  SocketManagerUdp.cpp
  StatsAdvance.cpp
  SummonScroll.cpp
  TeleportMarlon.cpp
  ThuMuaDoExc.cpp
  BotAlchemist.cpp
  Trade.cpp
  Union.cpp
  UnionInfo.cpp
  User.cpp
  Util.cpp
  Viewport.cpp
  Derleniyor...
  Warehouse.cpp
  ZenDrop.cpp
  Kod Åretiliyor
  Previous IPDB not found, fall back to full compilation.
  All 18987 functions were compiled because no usable IPDB/IOBJ from previous compilation was found.
  Kodun Åretilmesi tamamlandç
  GameServer.vcxproj -> C:\Axion Mu Source\MuServer\4.GameServer\Sub 1\GameServer\GameServer.exe
EXIT_gs603=0 (145 sn)
===== LAYOUT 603/0 =====
H-018 viewport paket d√ºzeni denetimi
GAMESERVER_UPDATE=603  HAISLOTRING=0  (EQUIPMENT_LENGTH=17, MAX_ID_SIZE=10, MAX_BUFF_SLOT_INDEX=32)

== SUNUCU PMSG_VIEWPORT_PLAYER ==
  ofs  bayt  alan
    0     2  BYTE[2] index
    2     1  BYTE x
    3     1  BYTE y
    4    18  BYTE[18] CharSet
   22    10  char[10] name
   32     1  BYTE tx
   33     1  BYTE ty
   34     1  BYTE DirAndPkLevel
   35     1  BYTE count
  sizeof = 36


== SUNUCU PMSG_VIEWPORT_CHANGE ==
  ofs  bayt  alan
    0     2  BYTE[2] index
    2     1  BYTE x
    3     1  BYTE y
    4     2  BYTE[2] skin
    6    10  char[10] name
   16     1  BYTE tx
   17     1  BYTE ty
   18     1  BYTE DirAndPkLevel
   19    18  BYTE[18] CharSet
   37     1  BYTE count
  sizeof = 38


== SUNUCU PMSG_VIEWPORT_MONSTER ==
  ofs  bayt  alan
    0     2  BYTE[2] index
    2     2  BYTE[2] type
    4     1  BYTE x
    5     1  BYTE y
    6     1  BYTE tx
    7     1  BYTE ty
    8     1  BYTE DirAndPkLevel
    9     1  BYTE CurHp
   10     2  BYTE[2] Level
   12     4  DWORD Life
   16     1  BYTE count
  sizeof = 20


== SUNUCU PMSG_VIEWPORT_SUMMON ==
  ofs  bayt  alan
    0     2  BYTE[2] index
    2     2  BYTE[2] type
    4     1  BYTE x
    5     1  BYTE y
    6     1  BYTE tx
    7     1  BYTE ty
    8     1  BYTE DirAndPkLevel
    9    10  char[10] name
   19     1  BYTE count
  sizeof = 20


== ISTEMCI PCREATE_CHARACTER ==
  ofs  bayt  alan
    0     1  BYTE KeyH
    1     1  BYTE KeyL
    2     1  BYTE PositionX
    3     1  BYTE PositionY
    4     1  BYTE Class
    5    17  BYTE[17] Equipment
   22    10  BYTE[10] ID
   32     1  BYTE TargetX
   33     1  BYTE TargetY
   34     1  BYTE Path
   35     1  BYTE s_BuffCount
   36    32  BYTE[32] s_BuffEffectState
  sizeof = 68


== ISTEMCI PCREATE_TRANSFORM ==
  ofs  bayt  alan
    0     1  BYTE KeyH
    1     1  BYTE KeyL
    2     1  BYTE PositionX
    3     1  BYTE PositionY
    4     1  BYTE TypeH
    5     1  BYTE TypeL
    6    10  BYTE[10] ID
   16     1  BYTE TargetX
   17     1  BYTE TargetY
   18     1  BYTE Path
   19     1  BYTE Class
   20    17  BYTE[17] Equipment
   37     1  BYTE s_BuffCount
   38    32  BYTE[32] s_BuffEffectState
  sizeof = 70


== ISTEMCI PCREATE_MONSTER ==
  ofs  bayt  alan
    0     1  BYTE KeyH
    1     1  BYTE KeyL
    2     1  BYTE TypeH
    3     1  BYTE TypeL
    4     1  BYTE PositionX
    5     1  BYTE PositionY
    6     1  BYTE TargetX
    7     1  BYTE TargetY
    8     1  BYTE Path
    9     1  BYTE CurHp
   10     2  BYTE[2] Level
   12     4  DWORD Life
   16     1  BYTE s_BuffCount
   17    32  BYTE[32] s_BuffEffectState
  sizeof = 52


== ISTEMCI PCREATE_SUMMON ==
  ofs  bayt  alan
    0     1  BYTE KeyH
    1     1  BYTE KeyL
    2     1  BYTE TypeH
    3     1  BYTE TypeL
    4     1  BYTE PositionX
    5     1  BYTE PositionY
    6     1  BYTE TargetX
    7     1  BYTE TargetY
    8     1  BYTE Path
    9    10  BYTE[10] ID
   19     1  BYTE s_BuffCount
   20    32  BYTE[32] s_BuffEffectState
  sizeof = 52


--- PLAYER paketi: sunucu -> istemci ---
  OK   GS +  0 index         ( 2B) -> istemci KeyH+KeyL              +0
  OK   GS +  2 x             ( 1B) -> istemci PositionX              +2
  OK   GS +  3 y             ( 1B) -> istemci PositionY              +3
  OK   GS +  4 CharSet       (18B) -> istemci Class+Equipment        +4
  OK   GS + 22 name          (10B) -> istemci ID                     +22
  OK   GS + 32 tx            ( 1B) -> istemci TargetX                +32
  OK   GS + 33 ty            ( 1B) -> istemci TargetY                +33
  OK   GS + 34 DirAndPkLevel ( 1B) -> istemci Path                   +34
  OK   GS + 35 count         ( 1B) -> istemci s_BuffCount            +35
  sonuc: HIZALI


--- CHANGE paketi: sunucu -> istemci ---
  OK   GS +  0 index         ( 2B) -> istemci KeyH+KeyL              +0
  OK   GS +  2 x             ( 1B) -> istemci PositionX              +2
  OK   GS +  3 y             ( 1B) -> istemci PositionY              +3
  OK   GS +  4 skin          ( 2B) -> istemci TypeH+TypeL            +4
  OK   GS +  6 name          (10B) -> istemci ID                     +6
  OK   GS + 16 tx            ( 1B) -> istemci TargetX                +16
  OK   GS + 17 ty            ( 1B) -> istemci TargetY                +17
  OK   GS + 18 DirAndPkLevel ( 1B) -> istemci Path                   +18
  OK   GS + 19 CharSet       (18B) -> istemci Class+Equipment        +19
  OK   GS + 37 count         ( 1B) -> istemci s_BuffCount            +37
  sonuc: HIZALI


--- MONSTER paketi: sunucu -> istemci ---
  OK   GS +  0 index         ( 2B) -> istemci KeyH+KeyL              +0
  OK   GS +  2 type          ( 2B) -> istemci TypeH+TypeL            +2
  OK   GS +  4 x             ( 1B) -> istemci PositionX              +4
  OK   GS +  5 y             ( 1B) -> istemci PositionY              +5
  OK   GS +  6 tx            ( 1B) -> istemci TargetX                +6
  OK   GS +  7 ty            ( 1B) -> istemci TargetY                +7
  OK   GS +  8 DirAndPkLevel ( 1B) -> istemci Path                   +8
  OK   GS +  9 CurHp         ( 1B) -> istemci CurHp                  +9
  OK   GS + 10 Level         ( 2B) -> istemci Level                  +10
  OK   GS + 12 Life          ( 4B) -> istemci Life                   +12
  OK   GS + 16 count         ( 1B) -> istemci s_BuffCount            +16
  sonuc: HIZALI


--- SUMMON paketi: sunucu -> istemci ---
  OK   GS +  0 index         ( 2B) -> istemci KeyH+KeyL              +0
  OK   GS +  2 type          ( 2B) -> istemci TypeH+TypeL            +2
  OK   GS +  4 x             ( 1B) -> istemci PositionX              +4
  OK   GS +  5 y             ( 1B) -> istemci PositionY              +5
  OK   GS +  6 tx            ( 1B) -> istemci TargetX                +6
  OK   GS +  7 ty            ( 1B) -> istemci TargetY                +7
  OK   GS +  8 DirAndPkLevel ( 1B) -> istemci Path                   +8
  OK   GS +  9 name          (10B) -> istemci ID                     +9
  OK   GS + 19 count         ( 1B) -> istemci s_BuffCount            +19
  sonuc: HIZALI


### TUM PAKETLER HIZALI
EXIT_layout_603_0=0
===== cs803 (Release_EX803) =====

  ConnectServer.vcxproj -> C:\Axion Mu Source\Source\1.ConnectServer\ConnectServer\Release\ConnectServer_EX803\ConnectServer.exe
EXIT_cs803=0 (1 sn)
===== js803 (Release_EX803) =====

  JoinServer.vcxproj -> C:\Axion Mu Source\Source\3.JoinServer\JoinServer\Release\JoinServer_EX803\JoinServer.exe
EXIT_js803=0 (1 sn)
===== ds803 (Release_EX803) =====

C:\Program Files\Microsoft Visual Studio\2022\Community\MSBuild\Microsoft\VC\v170\Microsoft.CppBuild.targets(524,5): warning MSB8004: Output dizini sonda bir eßik áizgiyle bitmiyor. Output dizininin dÅzgÅn deßerlendirilmesi iáin bu eßik áizgi gerekli oldußundan bu oluüturma îrneßi eßik áizgiyi ekleyecek. [C:\Axion Mu Source\Source\2.DataServer\DataServer\DataServer.vcxproj]
  DataServer.vcxproj -> C:\Axion Mu Source\Source\2.DataServer\DataServer\Release\DataServer.exe
EXIT_ds803=0 (1 sn)
===== gs803 (Release_EX803) =====

C:\Program Files\Microsoft Visual Studio\2022\Community\MSBuild\Microsoft\VC\v170\Microsoft.CppBuild.targets(524,5): warning MSB8004: Output dizini sonda bir eßik áizgiyle bitmiyor. Output dizininin dÅzgÅn deßerlendirilmesi iáin bu eßik áizgi gerekli oldußundan bu oluüturma îrneßi eßik áizgiyi ekleyecek. [C:\Axion Mu Source\Source\4.GameServer\GameServer\GameServer.vcxproj]
  Kod Åretiliyor
  Previous IPDB not found, fall back to full compilation.
C:\Axion Mu Source\Source\4.GameServer\GameServer\SauChangeItem.cpp(136): warning C4172: yerel deßiükenin veya geáici : Error'nin adresini dîndÅrÅyor [C:\Axion Mu Source\Source\4.GameServer\GameServer\GameServer.vcxproj]
C:\Axion Mu Source\Source\4.GameServer\GameServer\ResetTableVIP.cpp(118): warning C4172: yerel deßiükenin veya geáici : Error'nin adresini dîndÅrÅyor [C:\Axion Mu Source\Source\4.GameServer\GameServer\GameServer.vcxproj]
C:\Axion Mu Source\Source\4.GameServer\GameServer\ThuMuaDoExc.cpp(182): warning C4172: yerel deßiükenin veya geáici : Error'nin adresini dîndÅrÅyor [C:\Axion Mu Source\Source\4.GameServer\GameServer\GameServer.vcxproj]
C:\Axion Mu Source\Source\4.GameServer\GameServer\ResetTable.cpp(159): warning C4172: yerel deßiükenin veya geáici : Error'nin adresini dîndÅrÅyor [C:\Axion Mu Source\Source\4.GameServer\GameServer\GameServer.vcxproj]
C:\Axion Mu Source\Source\4.GameServer\GameServer\MocNap.cpp(133): warning C4172: yerel deßiükenin veya geáici : Error'nin adresini dîndÅrÅyor [C:\Axion Mu Source\Source\4.GameServer\GameServer\GameServer.vcxproj]
C:\Axion Mu Source\Source\4.GameServer\GameServer\CustomVongQuay.cpp(128): warning C4172: yerel deßiükenin veya geáici : Error'nin adresini dîndÅrÅyor [C:\Axion Mu Source\Source\4.GameServer\GameServer\GameServer.vcxproj]
C:\Axion Mu Source\Source\4.GameServer\GameServer\SPK\CustomJewelBank.cpp(51): warning C4172: yerel deßiükenin veya geáici : Error'nin adresini dîndÅrÅyor [C:\Axion Mu Source\Source\4.GameServer\GameServer\GameServer.vcxproj]
C:\Axion Mu Source\Source\4.GameServer\GameServer\CB_BotTrader.cpp(44): warning C4172: yerel deßiükenin veya geáici : Error'nin adresini dîndÅrÅyor [C:\Axion Mu Source\Source\4.GameServer\GameServer\GameServer.vcxproj]
C:\Axion Mu Source\Source\4.GameServer\GameServer\CBHuyDongExc.cpp(87): warning C4172: yerel deßiükenin veya geáici : Error'nin adresini dîndÅrÅyor [C:\Axion Mu Source\Source\4.GameServer\GameServer\GameServer.vcxproj]
C:\Axion Mu Source\Source\4.GameServer\GameServer\CBCongHuong.cpp(674): warning C4172: yerel deßiükenin veya geáici : Error'nin adresini dîndÅrÅyor [C:\Axion Mu Source\Source\4.GameServer\GameServer\GameServer.vcxproj]
C:\Axion Mu Source\Source\4.GameServer\GameServer\BCustomItemBank.cpp(498): warning C4172: yerel deßiükenin veya geáici : Error'nin adresini dîndÅrÅyor [C:\Axion Mu Source\Source\4.GameServer\GameServer\GameServer.vcxproj]
C:\Axion Mu Source\Source\4.GameServer\GameServer\BCustomVIPChar.cpp(106): warning C4172: yerel deßiükenin veya geáici : Error'nin adresini dîndÅrÅyor [C:\Axion Mu Source\Source\4.GameServer\GameServer\GameServer.vcxproj]
C:\Axion Mu Source\Source\4.GameServer\GameServer\BCustomChoTroi.cpp(124): warning C4172: yerel deßiükenin veya geáici : Error'nin adresini dîndÅrÅyor [C:\Axion Mu Source\Source\4.GameServer\GameServer\GameServer.vcxproj]
C:\Axion Mu Source\Source\4.GameServer\GameServer\BattleSurvivor.cpp(871): warning C4700: baülatçlmamçü yerel deßiüken 'pMsg' kullançldç [C:\Axion Mu Source\Source\4.GameServer\GameServer\GameServer.vcxproj]
C:\Axion Mu Source\Source\4.GameServer\GameServer\CommandManager.cpp(4682): warning C4715: 'CCommandManager::CommandSetReset': tÅm denetim yollarç deßer dîndÅrmez [C:\Axion Mu Source\Source\4.GameServer\GameServer\GameServer.vcxproj]
C:\Axion Mu Source\Source\4.GameServer\GameServer\BossGuild.cpp(1483): warning C4700: baülatçlmamçü yerel deßiüken 'GuildNumber' kullançldç [C:\Axion Mu Source\Source\4.GameServer\GameServer\GameServer.vcxproj]
C:\Axion Mu Source\Source\4.GameServer\GameServer\CommandManager.cpp(4657): warning C4715: 'CCommandManager::CommandSetLevel': tÅm denetim yollarç deßer dîndÅrmez [C:\Axion Mu Source\Source\4.GameServer\GameServer\GameServer.vcxproj]
  All 20025 functions were compiled because no usable IPDB/IOBJ from previous compilation was found.
  Kodun Åretilmesi tamamlandç
  GameServer.vcxproj -> C:\Axion Mu Source\MuServe Classic 5.2 Lorencia\GameServer\GameServer.exe
EXIT_gs803=0 (75 sn)
===== LAYOUT 803/1 =====
H-018 viewport paket d√ºzeni denetimi
GAMESERVER_UPDATE=803  HAISLOTRING=1  (EQUIPMENT_LENGTH=17, MAX_ID_SIZE=10, MAX_BUFF_SLOT_INDEX=32)

== SUNUCU PMSG_VIEWPORT_PLAYER ==
  ofs  bayt  alan
    0     2  BYTE[2] index
    2     1  BYTE x
    3     1  BYTE y
    4    18  BYTE[18] CharSet
   22    10  char[10] name
   32     1  BYTE tx
   33     1  BYTE ty
   34     1  BYTE DirAndPkLevel
   35     1  BYTE attribute
   36     2  BYTE[2] MuunItem
   38     2  BYTE[2] level
   40     4  BYTE[4] MaxHP
   44     4  BYTE[4] CurHP
   48     1  BYTE count
  sizeof = 49


== SUNUCU PMSG_VIEWPORT_CHANGE ==
  ofs  bayt  alan
    0     2  BYTE[2] index
    2     1  BYTE x
    3     1  BYTE y
    4     2  BYTE[2] skin
    6    10  char[10] name
   16     1  BYTE tx
   17     1  BYTE ty
   18     1  BYTE DirAndPkLevel
   19    18  BYTE[18] CharSet
   37     1  BYTE attribute
   38     2  BYTE[2] MuunItem
   40     2  BYTE[2] level
   42     4  BYTE[4] MaxHP
   46     4  BYTE[4] CurHP
   50     1  BYTE count
  sizeof = 51


== SUNUCU PMSG_VIEWPORT_MONSTER ==
  ofs  bayt  alan
    0     2  BYTE[2] index
    2     2  BYTE[2] type
    4     1  BYTE x
    5     1  BYTE y
    6     1  BYTE tx
    7     1  BYTE ty
    8     1  BYTE DirAndPkLevel
    9     1  BYTE attribute
   10     2  BYTE[2] level
   12     4  BYTE[4] MaxHP
   16     4  BYTE[4] CurHP
   20     1  BYTE count
  sizeof = 21


== SUNUCU PMSG_VIEWPORT_SUMMON ==
  ofs  bayt  alan
    0     2  BYTE[2] index
    2     2  BYTE[2] type
    4     1  BYTE x
    5     1  BYTE y
    6     1  BYTE tx
    7     1  BYTE ty
    8     1  BYTE DirAndPkLevel
    9    10  char[10] name
   19     1  BYTE attribute
   20     2  BYTE[2] level
   22     4  BYTE[4] MaxHP
   26     4  BYTE[4] CurHP
   30     1  BYTE count
  sizeof = 31


== ISTEMCI PCREATE_CHARACTER ==
  ofs  bayt  alan
    0     1  BYTE KeyH
    1     1  BYTE KeyL
    2     1  BYTE PositionX
    3     1  BYTE PositionY
    4     1  BYTE Class
    5    17  BYTE[17] Equipment
   22    10  BYTE[10] ID
   32     1  BYTE TargetX
   33     1  BYTE TargetY
   34     1  BYTE Path
   35     1  BYTE Attribute
   36     2  BYTE[2] MuunItem
   38     2  BYTE[2] Level
   40     4  BYTE[4] MaxHP
   44     4  BYTE[4] CurHP
   48     1  BYTE s_BuffCount
   49    32  BYTE[32] s_BuffEffectState
  sizeof = 81


== ISTEMCI PCREATE_TRANSFORM ==
  ofs  bayt  alan
    0     1  BYTE KeyH
    1     1  BYTE KeyL
    2     1  BYTE PositionX
    3     1  BYTE PositionY
    4     1  BYTE TypeH
    5     1  BYTE TypeL
    6    10  BYTE[10] ID
   16     1  BYTE TargetX
   17     1  BYTE TargetY
   18     1  BYTE Path
   19     1  BYTE Class
   20    17  BYTE[17] Equipment
   37     1  BYTE Attribute
   38     2  BYTE[2] MuunItem
   40     2  BYTE[2] Level
   42     4  BYTE[4] MaxHP
   46     4  BYTE[4] CurHP
   50     1  BYTE s_BuffCount
   51    32  BYTE[32] s_BuffEffectState
  sizeof = 83


== ISTEMCI PCREATE_MONSTER ==
  ofs  bayt  alan
    0     1  BYTE KeyH
    1     1  BYTE KeyL
    2     1  BYTE TypeH
    3     1  BYTE TypeL
    4     1  BYTE PositionX
    5     1  BYTE PositionY
    6     1  BYTE TargetX
    7     1  BYTE TargetY
    8     1  BYTE Path
    9     1  BYTE Attribute
   10     2  BYTE[2] Level
   12     4  BYTE[4] MaxHP
   16     4  BYTE[4] CurHP
   20     1  BYTE s_BuffCount
   21    32  BYTE[32] s_BuffEffectState
  sizeof = 53


== ISTEMCI PCREATE_SUMMON ==
  ofs  bayt  alan
    0     1  BYTE KeyH
    1     1  BYTE KeyL
    2     1  BYTE TypeH
    3     1  BYTE TypeL
    4     1  BYTE PositionX
    5     1  BYTE PositionY
    6     1  BYTE TargetX
    7     1  BYTE TargetY
    8     1  BYTE Path
    9    10  BYTE[10] ID
   19     1  BYTE Attribute
   20     2  BYTE[2] Level
   22     4  BYTE[4] MaxHP
   26     4  BYTE[4] CurHP
   30     1  BYTE s_BuffCount
   31    32  BYTE[32] s_BuffEffectState
  sizeof = 63


--- PLAYER paketi: sunucu -> istemci ---
  OK   GS +  0 index         ( 2B) -> istemci KeyH+KeyL              +0
  OK   GS +  2 x             ( 1B) -> istemci PositionX              +2
  OK   GS +  3 y             ( 1B) -> istemci PositionY              +3
  OK   GS +  4 CharSet       (18B) -> istemci Class+Equipment        +4
  OK   GS + 22 name          (10B) -> istemci ID                     +22
  OK   GS + 32 tx            ( 1B) -> istemci TargetX                +32
  OK   GS + 33 ty            ( 1B) -> istemci TargetY                +33
  OK   GS + 34 DirAndPkLevel ( 1B) -> istemci Path                   +34
  OK   GS + 35 attribute     ( 1B) -> istemci Attribute              +35
  OK   GS + 36 MuunItem      ( 2B) -> istemci MuunItem               +36
  OK   GS + 38 level         ( 2B) -> istemci Level                  +38
  OK   GS + 40 MaxHP         ( 4B) -> istemci MaxHP                  +40
  OK   GS + 44 CurHP         ( 4B) -> istemci CurHP                  +44
  OK   GS + 48 count         ( 1B) -> istemci s_BuffCount            +48
  sonuc: HIZALI


--- CHANGE paketi: sunucu -> istemci ---
  OK   GS +  0 index         ( 2B) -> istemci KeyH+KeyL              +0
  OK   GS +  2 x             ( 1B) -> istemci PositionX              +2
  OK   GS +  3 y             ( 1B) -> istemci PositionY              +3
  OK   GS +  4 skin          ( 2B) -> istemci TypeH+TypeL            +4
  OK   GS +  6 name          (10B) -> istemci ID                     +6
  OK   GS + 16 tx            ( 1B) -> istemci TargetX                +16
  OK   GS + 17 ty            ( 1B) -> istemci TargetY                +17
  OK   GS + 18 DirAndPkLevel ( 1B) -> istemci Path                   +18
  OK   GS + 19 CharSet       (18B) -> istemci Class+Equipment        +19
  OK   GS + 37 attribute     ( 1B) -> istemci Attribute              +37
  OK   GS + 38 MuunItem      ( 2B) -> istemci MuunItem               +38
  OK   GS + 40 level         ( 2B) -> istemci Level                  +40
  OK   GS + 42 MaxHP         ( 4B) -> istemci MaxHP                  +42
  OK   GS + 46 CurHP         ( 4B) -> istemci CurHP                  +46
  OK   GS + 50 count         ( 1B) -> istemci s_BuffCount            +50
  sonuc: HIZALI


--- MONSTER paketi: sunucu -> istemci ---
  OK   GS +  0 index         ( 2B) -> istemci KeyH+KeyL              +0
  OK   GS +  2 type          ( 2B) -> istemci TypeH+TypeL            +2
  OK   GS +  4 x             ( 1B) -> istemci PositionX              +4
  OK   GS +  5 y             ( 1B) -> istemci PositionY              +5
  OK   GS +  6 tx            ( 1B) -> istemci TargetX                +6
  OK   GS +  7 ty            ( 1B) -> istemci TargetY                +7
  OK   GS +  8 DirAndPkLevel ( 1B) -> istemci Path                   +8
  OK   GS +  9 attribute     ( 1B) -> istemci Attribute              +9
  OK   GS + 10 level         ( 2B) -> istemci Level                  +10
  OK   GS + 12 MaxHP         ( 4B) -> istemci MaxHP                  +12
  OK   GS + 16 CurHP         ( 4B) -> istemci CurHP                  +16
  OK   GS + 20 count         ( 1B) -> istemci s_BuffCount            +20
  sonuc: HIZALI


--- SUMMON paketi: sunucu -> istemci ---
  OK   GS +  0 index         ( 2B) -> istemci KeyH+KeyL              +0
  OK   GS +  2 type          ( 2B) -> istemci TypeH+TypeL            +2
  OK   GS +  4 x             ( 1B) -> istemci PositionX              +4
  OK   GS +  5 y             ( 1B) -> istemci PositionY              +5
  OK   GS +  6 tx            ( 1B) -> istemci TargetX                +6
  OK   GS +  7 ty            ( 1B) -> istemci TargetY                +7
  OK   GS +  8 DirAndPkLevel ( 1B) -> istemci Path                   +8
  OK   GS +  9 name          (10B) -> istemci ID                     +9
  OK   GS + 19 attribute     ( 1B) -> istemci Attribute              +19
  OK   GS + 20 level         ( 2B) -> istemci Level                  +20
  OK   GS + 22 MaxHP         ( 4B) -> istemci MaxHP                  +22
  OK   GS + 26 CurHP         ( 4B) -> istemci CurHP                  +26
  OK   GS + 30 count         ( 1B) -> istemci s_BuffCount            +30
  sonuc: HIZALI


### TUM PAKETLER HIZALI
EXIT_layout_803_1=0
ALL_DONE
