'vswhere.exe' is not recognized as an internal or external command,
operable program or batch file.
x86 iáin Microsoft (R) C/C++ òyileütirmeli Derleyicisi SÅrÅm 19.44.35229
Telif Hakkç (C) Microsoft Corporation. TÅm haklarç saklçdçr.

MAPM5SIN.C
MAPMASIN.C
MAPMASN0.C
MAPMCBRT.C
MAPMCNST.C
MAPMFACT.C
MAPMFMUL.C
MAPMGUES.C
MAPMHASN.C
MAPMHSIN.C
MAPMIPWR.C
MAPMISTR.C
MAPMPWR2.C
MAPMRSIN.C
MAPMSQRT.C
MAPMSTCK.C
MAPMUTIL.C
MAPMUTL1.C
MAPMUTL2.C
MAPM_ADD.C
Kod öretiliyor...
Derleniyor...
MAPM_CPI.C
MAPM_DIV.C
MAPM_EXP.C
MAPM_FAM.C
MAPM_FFT.C
MAPM_FLR.C
MAPM_FPF.C
MAPM_GCD.C
MAPM_LG2.C
MAPM_LG3.C
MAPM_LG4.C
MAPM_LOG.C
MAPM_MUL.C
MAPM_POW.C
MAPM_RCP.C
MAPM_RND.C
MAPM_SET.C
MAPM_SIN.C
Kod öretiliyor...
Microsoft (R) Library Manager Version 14.44.35229.0
Copyright (C) Microsoft Corporation.  All rights reserved.

MAPM_BUILD_OK
EXIT=0
